GDTEST_ANALYZER_ERROR
Cannot return nullable value of type "Array[int?]" because the function return type is "Array[int]".
