GDTEST_OK
>> WARNING
>> Line: 6
>> UNUSED_VARIABLE
>> The local variable "ok" is declared but never used in the block. If this is intended, prefix it with an underscore: "_ok".
>> WARNING
>> Line: 7
>> UNUSED_VARIABLE
>> The local variable "bad" is declared but never used in the block. If this is intended, prefix it with an underscore: "_bad".
