GDTEST_ANALYZER_ERROR
Potentially unsafe for nullable "foo[0]" to call "hey()".
