GDTEST_ANALYZER_ERROR
Potentially unsafe for the nullable return of "foo" to call "begins_with()".
