GDTEST_ANALYZER_ERROR
Potentially unsafe for nullable "nullable_string" to call "begins_with()".
