GDTEST_ANALYZER_ERROR
Potentially unsafe to access nullable cast expression "<not implemented>" with attribute "foo".
