GDTEST_ANALYZER_ERROR
Potentially unsafe to access nullable "foo" with attribute "foo".
