GDTEST_ANALYZER_ERROR
Potentially unsafe for nullable "<not implemented>" to call "begins_with()".
