GDTEST_ANALYZER_ERROR
Potentially unsafe for the nullable expression "index" to be used as an index.
