GDTEST_ANALYZER_ERROR
Potentially unsafe for the nullable return of "get_baz()" to access "bar".
