GDTEST_ANALYZER_ERROR
Cannot assign a value of type GDScriptNativeClass to variable "input" with specified type InputMap?.
