GDTEST_ANALYZER_ERROR
Potentially unsafe to access nullable "foo?.b" with attribute "b".
