GDTEST_ANALYZER_ERROR
Potentially unsafe to access nullable "foobar[0]" with attribute "bar".
