GDTEST_ANALYZER_ERROR
Potentially unsafe to assign nullable "foo" to non-nullable "bar".
