GDTEST_ANALYZER_ERROR
Potentially unsafe for the nullable expression "instance.arr" to be used in a for-loop.
