GDTEST_ANALYZER_ERROR
Potentially unsafe for nullable "b" to call "banana()".
