GDTEST_ANALYZER_ERROR
Potentially unsafe for nullable "foo" to call "begins_with()".
