GDTEST_OK
>> WARNING
>> Line: 2
>> RETURN_VALUE_VOID
>> Cannot get return value of call to "print_debug()" because it returns "void".

<null>
