GDTEST_OK
>> WARNING
>> Line: 3
>> RETURN_VALUE_VOID
>> Cannot get return value of call to "notify_property_list_changed()" because it returns "void".
<null>
