GDTEST_OK
>> WARNING
>> Line: 3
>> RETURN_VALUE_VOID
>> Cannot get return value of call to "reverse()" because it returns "void".
<null>
