GDTEST_PARSER_ERROR
Nullable qualifier ("?") not allowed in this context
